/home/klaus/ws/zarr-test-datasets/.venv/lib/python3.12/site-packages/zarr/core/array.py:4442: ZarrUserWarning: Automatic shard shape inference is experimental and may change without notice.
  shard_shape_parsed, chunk_shape_parsed = _auto_partition(
/home/klaus/ws/zarr-test-datasets/.venv/lib/python3.12/site-packages/zarr/api/asynchronous.py:231: ZarrUserWarning: Consolidated metadata is currently not part in the Zarr format 3 specification. It may not be supported by other zarr implementations and may change in the future.
  warnings.warn(
/home/klaus/ws/zarr-test-datasets/create-differential-expression-data-format.py:433: FutureWarning: `__version__` is deprecated, use `importlib.metadata.version('scanpy')` instead
  "scanpy_version": sc.__version__,
Expression values look already transformed (non-integer fraction=1.000, max=5.169).
Skipped preprocessing
Found 15 cell types: ['ASC1', 'ASC2', 'END', 'GABA1', 'GABA2', 'MG', 'NSC', 'ODC1', 'OPC', 'Unclassified', 'exCA1', 'exCA3', 'exDG', 'exPFC1', 'exPFC2']
Built contrast matrix with 45 contrasts
Wrote AnnData to test-data/habib17-differential-expression-test-data-format.zarr
  ✗ de_001: 'DataFrame' object has no attribute 'dtype'
  ✗ de_002: 'DataFrame' object has no attribute 'dtype'
  ✗ de_003: 'DataFrame' object has no attribute 'dtype'
  ✗ de_004: 'DataFrame' object has no attribute 'dtype'
  ✗ de_005: 'DataFrame' object has no attribute 'dtype'
  ✗ de_006: 'DataFrame' object has no attribute 'dtype'
  ✗ de_007: 'DataFrame' object has no attribute 'dtype'
  ✗ de_008: 'DataFrame' object has no attribute 'dtype'
  ✗ de_009: 'DataFrame' object has no attribute 'dtype'
  ✗ de_010: 'DataFrame' object has no attribute 'dtype'
  ✗ de_011: 'DataFrame' object has no attribute 'dtype'
  ✗ de_012: 'DataFrame' object has no attribute 'dtype'
  ✗ de_013: 'DataFrame' object has no attribute 'dtype'
  ✗ de_014: 'DataFrame' object has no attribute 'dtype'
  ✗ de_015: 'DataFrame' object has no attribute 'dtype'
  ✗ de_016: 'DataFrame' object has no attribute 'dtype'
  ✗ de_017: 'DataFrame' object has no attribute 'dtype'
  ✗ de_018: 'DataFrame' object has no attribute 'dtype'
  ✗ de_019: 'DataFrame' object has no attribute 'dtype'
  ✗ de_020: 'DataFrame' object has no attribute 'dtype'
  ✗ de_021: 'DataFrame' object has no attribute 'dtype'
  ✗ de_022: 'DataFrame' object has no attribute 'dtype'
  ✗ de_023: 'DataFrame' object has no attribute 'dtype'
  ✗ de_024: 'DataFrame' object has no attribute 'dtype'
  ✗ de_025: 'DataFrame' object has no attribute 'dtype'
  ✗ de_026: 'DataFrame' object has no attribute 'dtype'
  ✗ de_027: 'DataFrame' object has no attribute 'dtype'
  ✗ de_028: 'DataFrame' object has no attribute 'dtype'
  ✗ de_029: 'DataFrame' object has no attribute 'dtype'
  ✗ de_030: 'DataFrame' object has no attribute 'dtype'
  ✗ de_031: Correction method must be one of {'benjamini-hochberg', 'bonferroni'}.
  ✗ de_032: Correction method must be one of {'benjamini-hochberg', 'bonferroni'}.
  ✗ de_033: Correction method must be one of {'benjamini-hochberg', 'bonferroni'}.
  ✗ de_034: Correction method must be one of {'benjamini-hochberg', 'bonferroni'}.
  ✗ de_035: Correction method must be one of {'benjamini-hochberg', 'bonferroni'}.
  ✗ de_036: Correction method must be one of {'benjamini-hochberg', 'bonferroni'}.
  ✗ de_037: Correction method must be one of {'benjamini-hochberg', 'bonferroni'}.
  ✗ de_038: Correction method must be one of {'benjamini-hochberg', 'bonferroni'}.
  ✗ de_039: Correction method must be one of {'benjamini-hochberg', 'bonferroni'}.
  ✗ de_040: Correction method must be one of {'benjamini-hochberg', 'bonferroni'}.
  ✗ de_041: Correction method must be one of {'benjamini-hochberg', 'bonferroni'}.
  ✗ de_042: Correction method must be one of {'benjamini-hochberg', 'bonferroni'}.
  ✗ de_043: Correction method must be one of {'benjamini-hochberg', 'bonferroni'}.
  ✗ de_044: Correction method must be one of {'benjamini-hochberg', 'bonferroni'}.
  ✗ de_045: Correction method must be one of {'benjamini-hochberg', 'bonferroni'}.
Traceback (most recent call last):
  File "/home/klaus/ws/zarr-test-datasets/create-differential-expression-data-format.py", line 465, in <module>
    main()
  File "/home/klaus/ws/zarr-test-datasets/create-differential-expression-data-format.py", line 454, in main
    with open(registry_path, "w") as f:
         ^^^^^^^^^^^^^^^^^^^^^^^^
FileNotFoundError: [Errno 2] No such file or directory: 'test-data/habib17-differential-expression-test-data-format.zarr/uns/de/contrast_registry.json'
